// Jest Snapshot v1, https://goo.gl/fbAQLP

exports[`should match the snapshot 1`] = `
<div>
  <div>
    <div
      class="numberInput"
      data-testid="number-input-container"
    >
      <div
        class="field"
      >
        <span>
          Min
        </span>
        <input
          data-testid="number-input-1"
          min="0"
          step="1"
          type="number"
          value="0"
        />
      </div>
      <div
        class="separator"
      >
        -
      </div>
      <div
        class="field"
      >
        <span>
          Max
        </span>
        <input
          data-testid="number-input-2"
          max="100"
          step="1"
          type="number"
          value="100"
        />
      </div>
    </div>
    <div
      class="slider"
    >
      <div
        class="progress"
        data-testid="progress"
        style="left: 0%; right: 0%;"
      />
    </div>
    <div
      class="rangeInput"
      data-testid="range-input"
    >
      <input
        data-testid="range-input-1"
        max="100"
        min="0"
        step="1"
        type="range"
        value="0"
      />
      <input
        data-testid="range-input-2"
        max="100"
        min="0"
        step="1"
        type="range"
        value="100"
      />
    </div>
  </div>
</div>
`;
