// Jest Snapshot v1, https://goo.gl/fbAQLP

exports[`should match the snapshot 1`] = `
<div>
  <div
    data-testid="clAccessToken"
  >
    clAccessToken: 
    eyJhbGciOiJSUzUxMiIsInR5cCI6IkpXVCIsImtpZCI6IjliN2JiZmVlMzQzZDVkNDQ5ZGFkODhmMjg0MGEyZTM3YzhkZWFlZTg5NjM4MGQ1ODA2YTc4NWVkMWQ1OTc5ZjAifQ.eyJvcmdhbml6YXRpb24iOnsiaWQiOiJleW9aT0Z2UHBSIiwic2x1ZyI6ImRlbW8tc3RvcmUiLCJlbnRlcnByaXNlIjp0cnVlLCJyZWdpb24iOiJldS13ZXN0LTEifSwiYXBwbGljYXRpb24iOnsiaWQiOiJwWWRxaVBBUW5NIiwiY2xpZW50X2lkIjoiQklTRzhiYjNHV3BDOF9EN050MVN1V1dkaWVTNWJKcTgzMUE1MExnQl9JZyIsImtpbmQiOiJzYWxlc19jaGFubmVsIiwicHVibGljIjp0cnVlfSwic2NvcGUiOiJzdG9ja19sb2NhdGlvbjppZDpER3pBb3VwcHduIiwiZXhwIjoxNzI3MTY5NTQ5LCJ0ZXN0Ijp0cnVlLCJyYW5kIjowLjg0MjUwNTQ0NTgzNjAxOTksImlhdCI6MTcyNzE2MjM0OSwiaXNzIjoiaHR0cHM6Ly9hdXRoLmNvbW1lcmNlbGF5ZXIuaW8ifQ.rFYL56S-j60pgJ5QaomqHZF3fk97jRAOpj2kzHMr6TbYdwyJUc1GFxQZuHkN0CLuVh32hQ_nsJ6alw7zJiCcmlkqKhlTHqvyHHcYvmFkGP9ZhiBOvfVMNSjHkxcWT-a58U6ao8UZflqSkYkOAqWTQK3rQuAQTWtSox18UstUnI_G8oxtzRLmKDJhCzC5Bl3ewwNgrEo7soosRq9XTSjOffS57JLCl3-3wy69fhHAmmk_zXaUuV_vgiLREh-WYE4fqBg7dUnarqpE7w_20bHclEQ_Zg9dAaZ093g0IeHOs-GtzZyCDhSbcgJgp62wPQomjiJxKH1yjBJ5EkttqqSzQdUJftL8MgfEUF8tfPBMTs6GQSxIczPNmlk4EMeeIpKA8TMj0pPzwXOtd8Eetqen9DzgKYWoKLUXRSZx41YcAdHOFMSEh4j6lGL3GBVP2KiuyLzwk_sHKQR_4ppGDY5aIQA7pYjSyQVDf2SQa07FhSsZNfWdIkrv-YpjSDeNA0zDuoJkIVG4yUuE8D-LHYM4_P9KJPKo9kmd00zJthkcAZ-_QoBxq5-QPLh4aWiCwhRzfeJVtsIdFfBeMos4ar36g-5XtYjJ1c259TsHPF5iu38n4fbBY1jYFle1eiANAWpmPw_GVi13HutEe7Aoef0zFGzK3mEulls2NcBu0Ybh3as
  </div>
  <div
    data-testid="clEndpoint"
  >
    clEndpoint: 
    https://demo-store.commercelayer.io
  </div>
  <div
    data-testid="accessToken"
  >
    accessToken: 
    eyJhbGciOiJSUzUxMiIsInR5cCI6IkpXVCIsImtpZCI6IjliN2JiZmVlMzQzZDVkNDQ5ZGFkODhmMjg0MGEyZTM3YzhkZWFlZTg5NjM4MGQ1ODA2YTc4NWVkMWQ1OTc5ZjAifQ.eyJvcmdhbml6YXRpb24iOnsiaWQiOiJleW9aT0Z2UHBSIiwic2x1ZyI6ImRlbW8tc3RvcmUiLCJlbnRlcnByaXNlIjp0cnVlLCJyZWdpb24iOiJldS13ZXN0LTEifSwiYXBwbGljYXRpb24iOnsiaWQiOiJwWWRxaVBBUW5NIiwiY2xpZW50X2lkIjoiQklTRzhiYjNHV3BDOF9EN050MVN1V1dkaWVTNWJKcTgzMUE1MExnQl9JZyIsImtpbmQiOiJzYWxlc19jaGFubmVsIiwicHVibGljIjp0cnVlfSwic2NvcGUiOiJzdG9ja19sb2NhdGlvbjppZDpER3pBb3VwcHduIiwiZXhwIjoxNzI3MTY5NTQ5LCJ0ZXN0Ijp0cnVlLCJyYW5kIjowLjg0MjUwNTQ0NTgzNjAxOTksImlhdCI6MTcyNzE2MjM0OSwiaXNzIjoiaHR0cHM6Ly9hdXRoLmNvbW1lcmNlbGF5ZXIuaW8ifQ.rFYL56S-j60pgJ5QaomqHZF3fk97jRAOpj2kzHMr6TbYdwyJUc1GFxQZuHkN0CLuVh32hQ_nsJ6alw7zJiCcmlkqKhlTHqvyHHcYvmFkGP9ZhiBOvfVMNSjHkxcWT-a58U6ao8UZflqSkYkOAqWTQK3rQuAQTWtSox18UstUnI_G8oxtzRLmKDJhCzC5Bl3ewwNgrEo7soosRq9XTSjOffS57JLCl3-3wy69fhHAmmk_zXaUuV_vgiLREh-WYE4fqBg7dUnarqpE7w_20bHclEQ_Zg9dAaZ093g0IeHOs-GtzZyCDhSbcgJgp62wPQomjiJxKH1yjBJ5EkttqqSzQdUJftL8MgfEUF8tfPBMTs6GQSxIczPNmlk4EMeeIpKA8TMj0pPzwXOtd8Eetqen9DzgKYWoKLUXRSZx41YcAdHOFMSEh4j6lGL3GBVP2KiuyLzwk_sHKQR_4ppGDY5aIQA7pYjSyQVDf2SQa07FhSsZNfWdIkrv-YpjSDeNA0zDuoJkIVG4yUuE8D-LHYM4_P9KJPKo9kmd00zJthkcAZ-_QoBxq5-QPLh4aWiCwhRzfeJVtsIdFfBeMos4ar36g-5XtYjJ1c259TsHPF5iu38n4fbBY1jYFle1eiANAWpmPw_GVi13HutEe7Aoef0zFGzK3mEulls2NcBu0Ybh3as
  </div>
  <div
    data-testid="endpoint"
  >
    endpoint: 
    https://demo-store.commercelayer.io
  </div>
  <div
    data-testid="organization"
  >
    organization: 
    demo-store
  </div>
  <div
    data-testid="domain"
  >
    domain: 
    commercelayer.io
  </div>
</div>
`;
